
<doInfo xmlns="http://www.itd.umd.edu/fedora/doInfo">
          <type>UMD_VIDEO</type>
          <status>Private</status>
        </doInfo>
            