{"doInfo":{"version":"doInfo.1","label":"Digital Object Information","state":"A","controlGroup":"X","created":"2015-10-15T22:54:49.782Z","formatUri":null,"mimeType":"text/xml","size":153,"location":"embedded XML","digest":{"type":"DISABLED","value":"none"}}}