{"type":"FedoraObject","state":"Active","label":"UMDM Object","createdDate":"2015-10-15T22:54:49.782Z","lastModifiedDate":"2016-03-24T21:22:41.390Z","contentModel":"UMD_VIDEO"}