{"rels-mets":{"version":"rels-mets.4","label":"METS Relationships","state":"A","controlGroup":"X","created":"2015-10-15T22:54:49.782Z","formatUri":null,"mimeType":"text/xml","size":1330,"location":"embedded XML","digest":{"type":"DISABLED","value":"none"}}}