{"umdm":{"version":"umdm.5","label":"University of Maryland Descriptive Metadata","state":"A","controlGroup":"X","created":"2016-03-24T21:22:41.390Z","formatUri":null,"mimeType":"text/xml","size":0,"location":"embedded XML","digest":{"type":"DISABLED","value":"none"}}}