{"doInfo":{"version":"doInfo.5","label":"Digital Object Information","state":"A","controlGroup":"X","created":"2009-08-27T18:42:16.769Z","formatUri":null,"mimeType":"text/xml","size":130,"location":"embedded XML","digest":{"type":"DISABLED","value":"none"}}}