{"type":"FedoraObject","state":"Active","label":"UMDM Object","createdDate":"2009-07-15T17:44:12.179Z","lastModifiedDate":"2013-03-08T16:00:04.108Z","contentModel":"UMD_VIDEO"}