{"rels-mets":{"version":"rels-mets.3","label":"METS Relationships","state":"A","controlGroup":"X","created":"2013-03-08T16:00:04.108Z","formatUri":null,"mimeType":"text/xml","size":0,"location":"embedded XML","digest":{"type":"DISABLED","value":"none"}}}