{"umdm":{"version":"umdm.1","label":"University of Maryland Descriptive Metadata","state":"A","controlGroup":"X","created":"2009-07-15T17:44:14.102Z","formatUri":null,"mimeType":"text/xml","size":2539,"location":"embedded XML","digest":{"type":"DISABLED","value":"none"}}}