{"type":"FedoraObject","state":"Active","label":"UMAM Object","createdDate":"2015-10-15T22:54:37.003Z","lastModifiedDate":"2015-10-15T22:54:37.003Z","contentModel":"UMD_VIDEO"}