{"umam":{"version":"umam.0","label":"University of Maryland Administrative Metadata","state":"A","controlGroup":"X","created":"2015-10-15T22:54:37.003Z","formatUri":null,"mimeType":"text/xml","size":1002,"location":"embedded XML","digest":{"type":"DISABLED","value":"none"}}}