{"type":"FedoraObject","state":"Active","label":"UMAM Object","createdDate":"2015-10-15T22:54:43.399Z","lastModifiedDate":"2015-10-15T22:54:43.399Z","contentModel":"UMD_VIDEO"}