umdm,umam,location,title,handle
umd:55387,,umd_55387,"The Gordon W. Prange Collection: saving hidden history, Japan 1945-1949",hdl:1903.1/5368
umd:55387,umd:55388,umd_55387/umd_55388,
umd:55389,,umd_55389,"プランゲ文庫 : 検閱が残した日本の戦後, 昭和20-24年 / Purange Bunko : kenʼetsu ga nokoshita Nihon no sengo, Shōwa 20--24-nen",hdl:1903.1/5369
umd:55389,umd:55390,umd_55389/umd_55390,
umd:683683,,umd_683683,"John F Kennedy's speech at the 49th Commencement of American University, Washington, D.C., June 10, 1963 / WAMU Collection",hdl:1903.1/33055
umd:683683,umd:683684,umd_683683/umd_683684,
umd:683683,umd:683685,umd_683683/umd_683685,
