{"pid":"umd:10773","foxml":"objects/2013/0307/06/43/umd_10773","type":"FedoraObject","state":"Active","label":"UMDM Object","createdDate":"2013-03-07T11:43:32.851Z","lastModifiedDate":"2013-03-07T11:43:32.851Z","contentModel":"UMD_VIDEO","ds":{"doInfo":{"version":"doInfo.0","label":"Digital Object Information","state":"A","controlGroup":"X","created":"2013-03-07T11:43:32.851Z","mimeType":"text/xml","size":156,"location":"embedded XML","type":"UMD_VIDEO","status":"Complete"},"umdm":{"version":"umdm.0","label":"University of Maryland Descriptive Metadata","state":"A","controlGroup":"X","created":"2013-03-07T11:43:32.851Z","mimeType":"text/xml","size":3480,"location":"embedded XML","umdm_title":"Daniel Yankelovich on public opinion research"},"DC":{"version":"DC.0","label":"Dublin Core Metadata","state":"A","controlGroup":"X","created":"2013-03-07T11:43:32.851Z","mimeType":"text/xml","size":279,"location":"embedded XML"},"rels-mets":{"version":"rels-mets.0","label":"METS Relationships","state":"A","controlGroup":"X","created":"2013-03-07T11:43:32.851Z","mimeType":"text/xml","size":1157,"location":"embedded XML","rels":{"isMemberOfCollection":["umd:1158"],"hasPart":["umd:11061"]}}}}
{"pid":"umd:81753","foxml":"objects/2013/0307/13/44/umd_81753","type":"FedoraObject","state":"Active","label":"UMDM Object","createdDate":"2013-03-07T18:44:05.524Z","lastModifiedDate":"2013-03-07T18:44:05.524Z","contentModel":"UMD_VIDEO","ds":{"doInfo":{"version":"doInfo.0","label":"Digital Object Information","state":"A","controlGroup":"X","created":"2013-03-07T18:44:05.524Z","mimeType":"text/xml","size":156,"location":"embedded XML","type":"UMD_VIDEO","status":"Complete"},"umdm":{"version":"umdm.0","label":"University of Maryland Descriptive Metadata","state":"A","controlGroup":"X","created":"2013-03-07T18:44:05.524Z","mimeType":"text/xml","size":2715,"location":"embedded XML","umdm_title":"Football: University of Maryland (12) vs. Syracuse University (26), September 22, 1956"},"DC":{"version":"DC.0","label":"Dublin Core Metadata","state":"A","controlGroup":"X","created":"2013-03-07T18:44:05.524Z","mimeType":"text/xml","size":320,"location":"embedded XML"},"rels-mets":{"version":"rels-mets.0","label":"METS Relationships","state":"A","controlGroup":"X","created":"2013-03-07T18:44:05.524Z","mimeType":"text/xml","size":1165,"location":"embedded XML","rels":{"isMemberOfCollection":["umd:3391"],"hasPart":["umd:90242"]}}}}
{"pid":"umd:55389","foxml":"objects/2009/0715/13/44/umd_55389","type":"FedoraObject","state":"Active","label":"UMDM Object","createdDate":"2009-07-15T17:44:18.002Z","lastModifiedDate":"2013-03-08T16:02:48.838Z","contentModel":"UMD_VIDEO","ds":{"AUDIT":{"version":"AUDIT.0","label":"Fedora Object Audit Trail","state":"A","controlGroup":"X","created":"2009-07-15T17:44:18.002Z","mimeType":"text/xml","size":-1,"location":"embedded XML"},"doInfo":{"version":"doInfo.5","label":"Digital Object Information","state":"A","controlGroup":"X","created":"2009-08-27T18:42:20.380Z","mimeType":"text/xml","size":130,"location":"embedded XML","type":"UMD_VIDEO","status":"Complete"},"umdm":{"version":"umdm.1","label":"University of Maryland Descriptive Metadata","state":"A","controlGroup":"X","created":"2009-07-15T17:44:20.262Z","mimeType":"text/xml","size":2673,"location":"embedded XML","umdm_title":"プランゲ文庫 : 検閱が残した日本の戦後, 昭和20-24年 / Purange Bunko : kenʼetsu ga nokoshita Nihon no sengo, Shōwa 20--24-nen"},"DC":{"version":"DC1.0","label":"Dublin Core Metadata","state":"A","controlGroup":"X","created":"2009-07-15T17:44:18.002Z","mimeType":"text/xml","size":219,"location":"embedded XML"},"rels-mets":{"version":"rels-mets.3","label":"METS Relationships","state":"A","controlGroup":"X","created":"2013-03-08T16:02:48.838Z","mimeType":"text/xml","size":0,"location":"embedded XML","rels":{"isMemberOfCollection":["umd:3392"],"hasPart":["umd:55390"]}}}}
