
<amInfo xmlns="http://www.itd.umd.edu/fedora/amInfo">
  <type>UMD_VIDEO</type>
  <status>Complete</status>
</amInfo>
            