{"type":"FedoraObject","state":"Active","label":"UMAM Object","createdDate":"2009-07-15T17:44:21.200Z","lastModifiedDate":"2013-03-08T16:02:18.552Z","contentModel":"UMD_VIDEO"}