{"umam":{"version":"umam.4","label":"University of Maryland Administrative Metadata","state":"A","controlGroup":"X","created":"2013-03-08T16:02:18.552Z","formatUri":null,"mimeType":"text/xml","size":0,"location":"embedded XML","digest":{"type":"DISABLED","value":"none"}}}