{"type":"FedoraObject","state":"Active","label":"UMAM Object","createdDate":"2009-07-15T17:44:14.980Z","lastModifiedDate":"2013-05-10T18:41:19.460Z","contentModel":"UMD_VIDEO"}