{"umam":{"version":"umam.4","label":"University of Maryland Administrative Metadata","state":"A","controlGroup":"X","created":"2013-05-10T18:41:19.460Z","formatUri":null,"mimeType":"text/xml","size":0,"location":"embedded XML","digest":{"type":"DISABLED","value":"none"}}}